// Jest Snapshot v1, https://goo.gl/fbAQLP

exports[`AddProductionSection test cases should render correctly 1`] = `
<DocumentFragment>
  <button
    class="z-0 group relative inline-flex items-center justify-center box-border appearance-none select-none whitespace-nowrap font-normal subpixel-antialiased overflow-hidden tap-highlight-transparent data-[pressed=true]:scale-[0.97] outline-none data-[focus-visible=true]:z-10 data-[focus-visible=true]:outline-2 data-[focus-visible=true]:outline-focus data-[focus-visible=true]:outline-offset-2 min-w-24 text-medium gap-3 rounded-large [&>svg]:max-w-[theme(spacing.8)] transition-transform-colors-opacity motion-reduce:transition-none bg-primary data-[hover=true]:opacity-hover px-10 py-3.75 w-auto h-auto rounded-1.25 text-white"
    type="button"
  >
    Add course
  </button>
</DocumentFragment>
`;
