// Jest Snapshot v1, https://goo.gl/fbAQLP

exports[`ProductList test cases should render correctly 1`] = `
<DocumentFragment>
  <div
    class="grid grid-col-1 lg:grid-cols-2 xl:grid-cols-3 gap-2.5 justify-evenly"
  />
</DocumentFragment>
`;
