// Jest Snapshot v1, https://goo.gl/fbAQLP

exports[`SponsorSection test cases should render correctly 1`] = `
<div>
  <div
    class="flex gap-7.5 flex-wrap max-w-5xl my-0 mx-auto mt-50 justify-evenly p-4 xl:p-0"
  >
    <svg
      class="text-foreground-100"
      fill="none"
      height="35"
      viewBox="0 0 103 35"
      width="103"
      xmlns="http://www.w3.org/2000/svg"
    >
      <g
        clip-path="url(#clip0_2685_989)"
      >
        <path
          d="M23.2553 32.4249L29.4193 32.5526C27.2949 31.8183 25.2349 30.9244 23.2553 29.8709V32.4249ZM32.5414 31.5789V32.4249L29.4193 32.5526C35.2935 34.5479 40.6688 34.8193 44.66 33.7019C41.4574 33.7338 37.2891 33.2869 32.5414 31.5789ZM98.3488 13.1901C100.908 13.1901 103 11.131 103 8.577C103 6.02301 100.924 4.6662 98.3488 4.6662C95.7899 4.6662 93.6977 6.03897 93.6977 8.577C93.6977 11.115 95.7738 13.1901 98.3488 13.1901ZM93.6816 32.4249H103V14.7864H93.6816V32.4249ZM81.8205 32.4249H91.1388V1.25024L81.8205 5.60799V32.4249ZM76.8314 13.3657C73.9024 10.4606 68.7202 10.6362 68.7202 10.6362C68.7202 10.6362 63.5219 10.4606 60.6089 13.3657C57.6799 16.2709 57.9052 18.777 57.9052 21.762C57.9052 24.747 57.6799 27.2371 60.6089 30.1423C63.538 33.0474 68.7202 32.8718 68.7202 32.8718C68.7202 32.8718 73.9185 33.0474 76.8314 30.1423C79.7605 27.2371 79.5352 24.747 79.5352 21.762C79.5191 18.761 79.7444 16.2549 76.8314 13.3657ZM70.4261 24.8427C70.4261 25.4174 70.1364 26.838 68.7041 26.838C67.2718 26.838 66.9821 25.4174 66.9821 24.8427V18.3939C66.9821 17.0052 68.1569 16.654 68.7041 16.654C69.2513 16.654 70.4261 16.9892 70.4261 18.3939V24.8427ZM53.3346 13.3657C50.4055 10.4606 45.2233 10.6362 45.2233 10.6362C45.2233 10.6362 40.0411 10.4606 37.1121 13.3657C36.8063 13.669 36.5166 13.9883 36.2591 14.3235C30.1113 9.5986 24.5911 6.90094 19.8274 4.57043V1.2662L16.2063 2.95822C7.45129 -0.56948 1.88285 0.053056 0.547068 2.97418C0.547068 2.97418 -3.46027 8.20986 10.493 20.6606V32.4249H19.8113V27.8596C18.7652 27.1892 17.7191 26.4709 16.6891 25.6887C14.3072 23.9009 12.2794 22.2409 10.5091 20.6765V15.7282C12.6174 18.0747 15.4177 20.7404 19.1032 23.7573L19.8274 24.3319V19.5751C19.8274 18.4737 20.101 16.67 21.5655 16.67C23.03 16.67 23.2714 17.7714 23.2714 19.0643V26.838C26.1683 28.7855 29.2744 30.3657 32.5575 31.5629V16.5742C32.5575 13.5892 30.401 10.6042 26.0235 10.6042C23.4807 10.5883 21.1149 11.9132 19.8274 14.1V5.4324C26.5707 8.76855 33.33 12.8549 35.905 14.7385C34.2635 17.069 34.4083 19.2239 34.4083 21.7141C34.4083 24.6991 34.183 27.1892 37.1121 30.0944C40.0411 32.9995 45.2233 32.824 45.2233 32.824C45.2233 32.824 50.4216 32.9995 53.3346 30.0944C56.2636 27.1892 56.0222 24.6991 56.0222 21.7141C56.0222 18.761 56.2636 16.2549 53.3346 13.3657ZM10.493 5.60799V15.7122C2.65535 7.01268 4.23254 3.58075 4.82801 3.08592C7.00066 1.2662 10.8632 1.80893 15.1924 3.42113L10.493 5.60799ZM46.9453 24.8427C46.9453 25.4174 46.6557 26.838 45.2233 26.838C43.791 26.838 43.5013 25.4174 43.5013 24.8427V18.3939C43.5013 17.0052 44.6761 16.654 45.2233 16.654C45.7705 16.654 46.9453 16.9892 46.9453 18.3939V24.8427Z"
          fill="currentColor"
        />
      </g>
      <defs>
        <clippath
          id="clip0_2685_989"
        >
          <rect
            fill="white"
            height="34"
            transform="translate(0 0.5)"
            width="103"
          />
        </clippath>
      </defs>
    </svg>
    <svg
      class="text-foreground-100"
      fill="none"
      height="59"
      viewBox="0 0 84 59"
      width="84"
      xmlns="http://www.w3.org/2000/svg"
    >
      <g
        clip-path="url(#clip0_2685_992)"
      >
        <path
          d="M0.5 0.995479H13.1121V35.0101C13.1121 40.4049 15.5437 43.6156 17.5215 44.9521C15.4627 46.7612 9.22148 48.3585 4.52031 44.4958C1.76445 42.214 0.5 38.4165 0.5 34.8797V0.995479ZM79.2689 29.2731V25.6875H83.1272V13.1703H78.8961C77.2588 5.62421 70.5961 0.0175781 62.6365 0.0175781C53.4611 0.0175781 45.9879 7.51482 45.9879 16.756V45.9626C48.5816 46.3375 51.7266 45.9137 54.3689 43.6808C57.141 41.3991 58.3893 37.6179 58.3893 34.0648V32.9728H64.6791V20.4557H58.3893V16.6582C58.3893 11.019 66.8514 11.019 66.8514 16.6582V29.2242C66.8514 38.4491 74.3084 45.9626 83.5 45.9626V33.4944C81.1494 33.4944 79.2689 31.5875 79.2689 29.2731ZM31.5602 13.1377V31.5549C31.5602 34.0648 27.702 34.0648 27.702 31.5549V13.1377H15.252V34.7656C15.252 38.6446 16.5488 43.5667 22.5469 45.1803C28.5449 46.7775 31.9816 43.4527 31.9816 43.4527C31.6412 45.6366 29.6311 47.2502 26.324 47.5761C23.8113 47.8369 20.6178 46.9894 19.0291 46.3049V57.7626C23.098 58.985 27.3777 59.3598 31.6088 58.5286C39.2441 57.0455 44.0588 50.6402 44.0588 42.0999V13.0563H31.5602V13.1377Z"
          fill="currentColor"
        />
      </g>
      <defs>
        <clippath
          id="clip0_2685_992"
        >
          <rect
            fill="white"
            height="59"
            transform="translate(0.5)"
            width="83"
          />
        </clippath>
      </defs>
    </svg>
    <svg
      class="text-foreground-100"
      fill="none"
      height="75"
      viewBox="0 0 102 75"
      width="102"
      xmlns="http://www.w3.org/2000/svg"
    >
      <g
        clip-path="url(#clip0_2685_995)"
      >
        <path
          d="M102 0.145508C89.1225 8.82801 87.7519 15.1293 86.6362 17.057C85.5684 19.0332 84.7716 26.8248 82.9228 30.5991C81.0581 34.422 74.2847 37.4349 72.3881 38.6984C70.5234 39.9619 67.8778 44.8701 65.7103 49.098C48.4819 48.3853 39.0309 55.3831 24.4003 64.26C29.0859 62.6887 31.3012 61.5548 31.3012 61.5548C46.3144 55.7233 53.5022 50.4911 76.1016 53.585C76.2769 53.585 76.4044 53.6822 76.5478 53.7146C77.1694 54.071 77.3925 54.8323 77.0419 55.4641L68.4516 70.9824C68.0531 71.7438 67.2084 72.1487 66.3637 71.9706C46.155 68.1153 30.2016 74.7729 15.5391 74.9835C3.84094 75.1617 0 69.557 0 69.2978C0 69.1196 0.095625 69.0224 0.270938 69.0224C0.270938 69.0224 6.375 69.0224 16.7025 66.544C28.4325 43.8172 38.8875 35.8636 50.2669 35.8636C50.2669 35.8636 61.6941 35.8636 64.7062 45.8906C68.34 39.4598 69.2166 37.9209 69.2166 37.9209C70.0612 36.3982 74.7947 25.4155 82.9866 15.0159C91.1944 4.64875 97.3941 2.07315 102 0.145508Z"
          fill="currentColor"
        />
      </g>
      <defs>
        <clippath
          id="clip0_2685_995"
        >
          <rect
            fill="white"
            height="75"
            width="102"
          />
        </clippath>
      </defs>
    </svg>
    <svg
      class="text-foreground-100"
      fill="none"
      height="43"
      viewBox="0 0 103 43"
      width="103"
      xmlns="http://www.w3.org/2000/svg"
    >
      <g
        clip-path="url(#clip0_2685_998)"
      >
        <path
          d="M26.5552 3.79318L19.5866 5.25682L19.5544 27.9114C19.5544 32.0955 22.741 34.8 26.9736 34.8C29.3233 34.8 31.0454 34.3705 31.9949 33.8614V28.4841C31.0775 28.85 26.5713 30.1546 26.5713 25.9864V15.9318H31.9949V9.91818H26.5713L26.5552 3.79318ZM40.8947 12.0023L40.4602 9.91818H34.2802V34.2909H41.4097V17.8886C43.0996 15.6932 45.9482 16.1227 46.8655 16.4091V9.91818C45.8999 9.58409 42.5685 8.96364 40.8947 12.0023ZM55.7493 0.5L48.5714 2.01136V7.77045L55.7493 6.25909V0.5ZM7.2266 17.0932C7.2266 15.9955 8.16004 15.5659 9.65676 15.55C11.8294 15.55 14.5975 16.2023 16.7702 17.3636V10.7136C14.4044 9.79091 12.0386 9.425 9.67285 9.425C3.8791 9.425 0.0166016 12.4159 0.0166016 17.4114C0.0166016 25.2386 10.8799 23.9659 10.8799 27.3386C10.8799 28.6432 9.73723 29.0727 8.14395 29.0727C5.77816 29.0727 2.72035 28.1023 0.322383 26.8136V33.1773C2.97785 34.3068 5.66551 34.7841 8.12785 34.7841C14.0664 34.7841 18.1543 32.2705 18.1543 27.1795C18.1543 18.7636 7.2266 20.275 7.2266 17.0932ZM103.001 22.3909C103.001 15.1523 99.4599 9.44091 92.6683 9.44091C85.8768 9.44091 81.7407 15.1523 81.7407 22.3432C81.7407 30.8545 86.6171 34.7841 93.5696 34.7841C96.9815 34.7841 99.5404 34.0205 101.488 32.9545V27.6409C99.5404 28.6114 97.3033 29.2 94.4708 29.2C91.6866 29.2 89.2404 28.2295 88.9185 24.9205H102.904C102.936 24.5545 103.001 23.075 103.001 22.3909ZM88.8541 19.7182C88.8541 16.5364 90.8336 15.2 92.62 15.2C94.3743 15.2 96.2411 16.5364 96.2411 19.7182H88.8541ZM70.6843 9.44091C67.8839 9.44091 66.0814 10.7455 65.0836 11.6523L64.7135 9.90227H58.4208V42.4841L65.5664 40.9886L65.5825 33.0023C66.6125 33.75 68.1414 34.7841 70.636 34.7841C75.7538 34.7841 80.421 31.0932 80.421 22.1205C80.4371 13.9114 75.7055 9.44091 70.6843 9.44091ZM68.9783 28.9296C67.3046 28.9296 66.3068 28.325 65.6147 27.5932L65.5664 17.0932C66.3068 16.2818 67.3368 15.6932 68.9783 15.6932C71.5855 15.6932 73.388 18.5886 73.388 22.2795C73.4041 26.0818 71.6338 28.9296 68.9783 28.9296ZM48.5875 34.2909H55.7654V9.91818H48.5875V34.2909Z"
          fill="currentColor"
        />
      </g>
      <defs>
        <clippath
          id="clip0_2685_998"
        >
          <rect
            fill="white"
            height="42"
            transform="translate(0 0.5)"
            width="103"
          />
        </clippath>
      </defs>
    </svg>
    <svg
      class="text-foreground-100"
      fill="none"
      height="63"
      viewBox="0 0 105 63"
      width="105"
      xmlns="http://www.w3.org/2000/svg"
    >
      <g
        clip-path="url(#clip0_2685_1001)"
      >
        <path
          d="M29.8868 22.9882C29.7701 26.6263 31.6039 28.2373 31.6492 29.2605C31.6277 29.4687 31.5561 29.6688 31.4405 29.844C31.325 30.0192 31.1688 30.1645 30.9851 30.2676L28.9116 31.7068C28.6432 31.8933 28.3269 32.0002 27.9995 32.0151C27.9299 32.0119 26.6728 32.3091 24.6819 27.9016C23.4672 29.405 21.9218 30.6128 20.1638 31.4327C18.4058 32.2526 16.482 32.6628 14.5395 32.6319C11.9022 32.7749 4.75504 31.1478 5.12277 23.6034C4.8652 17.4548 10.6403 13.6352 16.613 13.9581C17.7631 13.9613 20.1121 14.0175 24.2251 14.9651V12.4562C24.6608 8.20619 21.8438 4.90862 16.9661 5.40334C16.5773 5.40494 13.8235 5.32303 9.54034 7.02722C8.34807 7.57013 8.19579 7.48018 7.79891 7.48018C6.59853 7.48018 7.09261 4.03002 7.32264 3.59313C8.16663 2.56515 13.1317 0.645723 18.0045 0.673028C21.2626 0.387326 24.5032 1.38434 27.0259 3.44857C28.0514 4.58591 28.8338 5.91753 29.3257 7.36301C29.8177 8.80849 30.0091 10.3379 29.8884 11.8587L29.8868 22.9882ZM15.8873 28.1907C21.1407 28.1153 23.3649 24.9831 23.8719 23.2966C24.2704 21.6824 24.204 20.6608 24.204 18.8956C22.6375 18.5229 20.3826 18.1165 17.7955 18.1133C15.3413 17.9302 10.859 19.0176 11.0339 23.295C10.833 25.9918 12.8353 28.3385 15.8873 28.1907ZM43.5752 31.8931C42.302 32.0087 41.7091 31.1125 41.5211 30.2274L33.4539 3.78106C33.2967 3.33453 33.193 2.87355 33.1428 2.40292C33.1131 2.2089 33.1622 2.01109 33.2795 1.85298C33.3967 1.69486 33.5725 1.58936 33.7681 1.55966C33.807 1.55323 33.4231 1.55966 37.3725 1.55966C38.7948 1.41831 39.2581 2.52821 39.4055 3.22531L45.1919 25.8457L50.5636 3.22531C50.6495 2.70811 51.0399 1.44723 52.6372 1.58054H55.417C55.7685 1.55163 57.2167 1.50023 57.4711 3.24619L62.8849 26.1557L68.8576 3.24619C68.9354 2.89603 69.2982 1.41992 70.9117 1.58054H74.1062C74.2439 1.55966 75.1025 1.45044 74.9567 2.95867C74.887 3.25583 75.5091 1.24645 66.4115 30.2483C66.2252 31.1333 65.6307 32.0296 64.3574 31.914H61.3298C59.5575 32.0987 59.3032 30.3624 59.2757 30.1873L53.904 8.16121L48.5938 30.1648C48.5679 30.3399 48.3135 32.0762 46.5397 31.8915H43.5752V31.8931ZM87.8773 32.7974C86.9248 32.799 82.3825 32.7492 78.5853 30.8233C78.2071 30.6645 77.8849 30.398 77.6597 30.0574C77.4344 29.7168 77.3163 29.3176 77.3202 28.9103V27.1836C77.3202 25.8264 78.3245 26.0754 78.7505 26.2376C80.377 26.8897 81.4202 27.3844 83.4176 27.7796C89.3547 28.989 91.966 27.4101 92.6059 27.06C94.7361 25.8055 94.9046 22.9352 93.4564 21.4462C91.7587 20.0344 90.9487 19.9814 84.8496 18.0732C84.098 17.866 77.7705 15.8871 77.7559 9.66303C77.6571 5.12707 81.8139 0.639297 89.0177 0.67624C91.0702 0.674634 96.5391 1.33961 98.0197 3.18515C98.2384 3.52085 98.3469 3.91598 98.3307 4.31593V5.93982C98.3307 6.65298 98.0683 7.00956 97.5418 7.00956C96.2929 6.87142 94.0768 5.21541 89.5782 5.28287C88.4621 5.22505 83.1163 5.42904 83.356 9.2936C83.2864 12.339 87.6667 13.481 88.1673 13.6127C94.0735 15.3747 96.0482 15.6671 98.3923 18.3639C101.169 21.9377 99.6721 26.1219 99.097 27.2688C96.0061 33.2905 88.0134 32.8006 87.8773 32.7974ZM94.3894 49.6402C83.045 57.9475 66.5767 62.3694 52.5157 62.3694C33.543 62.4935 15.2098 55.5763 1.1199 42.9776C0.0620834 42.0315 0.995168 40.7353 2.2814 41.4565C17.9113 50.3215 35.6076 54.9794 53.614 54.968C67.0607 54.8965 80.3606 52.1918 92.7501 47.0092C94.6583 46.2061 96.2767 48.262 94.3894 49.6402ZM99.118 44.2931C97.6666 42.4427 89.515 43.4289 85.8653 43.861C84.7654 43.9847 84.5791 43.0386 85.5753 42.3399C92.0664 37.8152 102.727 39.1114 103.952 40.6325C105.175 42.1536 103.62 52.745 97.5435 57.8046C96.6104 58.5868 95.7178 58.174 96.1325 57.146C97.4997 53.7328 100.57 46.145 99.118 44.2931Z"
          fill="currentColor"
        />
      </g>
      <defs>
        <clippath
          id="clip0_2685_1001"
        >
          <rect
            fill="white"
            height="62"
            transform="translate(0.5 0.5)"
            width="104"
          />
        </clippath>
      </defs>
    </svg>
    <svg
      class="text-foreground-100"
      fill="none"
      height="73"
      viewBox="0 0 77 73"
      width="77"
      xmlns="http://www.w3.org/2000/svg"
    >
      <g
        clip-path="url(#clip0_2685_1004)"
      >
        <path
          d="M67.926 28.1617C65.531 28.1617 63.4234 29.1559 61.8747 30.7113C56.1747 26.7505 48.4949 24.2009 39.9848 23.9283L44.4075 3.9158L58.4898 7.09085C58.4898 10.5546 61.2999 13.3768 64.7487 13.3768C68.2613 13.3768 71.0873 10.4744 71.0873 7.01068C71.0873 3.54698 68.2772 0.644531 64.7487 0.644531C62.2898 0.644531 60.1663 2.13585 59.1125 4.17237L43.5613 0.708674C42.7789 0.500211 42.0125 1.06146 41.805 1.8472L36.9512 23.9122C28.505 24.265 20.905 26.8147 15.189 30.7755C13.6403 29.1559 11.4529 28.1617 9.0579 28.1617C0.18059 28.1617 -2.72529 40.1243 5.4016 44.2133C5.1142 45.4802 4.98647 46.8272 4.98647 48.1741C4.98647 61.612 20.0587 72.5002 38.5638 72.5002C57.1487 72.5002 72.2209 61.612 72.2209 48.1741C72.2209 46.8272 72.0772 45.416 71.726 44.1492C79.6932 40.0441 76.7554 28.1617 67.926 28.1617ZM18.2865 45.0632C18.2865 41.5354 21.0966 38.6971 24.6251 38.6971C28.0739 38.6971 30.884 41.5194 30.884 45.0632C30.884 48.5269 28.0739 51.3492 24.6251 51.3492C21.1125 51.3652 18.2865 48.5269 18.2865 45.0632ZM52.5024 60.0565C46.6907 65.8935 30.2932 65.8935 24.4814 60.0565C23.8428 59.4953 23.8428 58.5011 24.4814 57.8597C25.0403 57.2984 26.0302 57.2984 26.589 57.8597C31.0276 62.4298 45.7487 62.51 50.3789 57.8597C50.9377 57.2984 51.9276 57.2984 52.4865 57.8597C53.1411 58.5011 53.1411 59.4953 52.5024 60.0565ZM52.3747 51.3652C48.926 51.3652 46.1159 48.543 46.1159 45.0793C46.1159 41.5514 48.926 38.7131 52.3747 38.7131C55.8873 38.7131 58.7134 41.5354 58.7134 45.0793C58.6974 48.5269 55.8873 51.3652 52.3747 51.3652Z"
          fill="currentColor"
        />
      </g>
      <defs>
        <clippath
          id="clip0_2685_1004"
        >
          <rect
            fill="white"
            height="72"
            transform="translate(0.5 0.5)"
            width="76"
          />
        </clippath>
      </defs>
    </svg>
  </div>
</div>
`;
