// Jest Snapshot v1, https://goo.gl/fbAQLP

exports[`SubscribeSection test cases should render correctly 1`] = `
<DocumentFragment>
  <section>
    <div
      class="max-w-xs sm:max-w-lg md:max-w-xl lg:max-w-4xl xl:max-w-5xl mx-auto my-0 py-40 flex flex-col gap-20 justify-center"
    >
      <div
        class="flex flex-col gap-2.5 text-center"
      >
        <p
          class="text-primary text-sm/6 font-bold"
        >
          Newsletter
        </p>
        <h3
          class="text-foreground text-2xl font-bold"
        >
          Most Popular Courses
        </h3>
        <p
          class="text-foreground-100 text-sm whitespace-pre-line"
        >
          Problems trying to resolve the conflict between
            the two major realms of Classical physics: Newtonian mechanics
        </p>
      </div>
      <form
        class="flex flex-col gap-2 items-center"
      >
        <div
          class="group flex flex-col data-[hidden=true]:hidden w-full group relative justify-end data-[has-label=true]:mt-[calc(theme(fontSize.small)_+_10px)]"
          data-filled="true"
          data-filled-within="true"
          data-slot="base"
        >
          <div
            class="h-full flex flex-col"
            data-slot="main-wrapper"
          >
            <div
              class="w-full inline-flex tap-highlight-transparent flex-row items-center shadow-sm gap-3 data-[hover=true]:bg-default-200 group-data-[focus=true]:bg-default-100 min-h-10 rounded-small transition-background motion-reduce:transition-none !duration-150 outline-none group-data-[focus-visible=true]:z-10 group-data-[focus-visible=true]:ring-2 group-data-[focus-visible=true]:ring-focus group-data-[focus-visible=true]:ring-offset-2 group-data-[focus-visible=true]:ring-offset-background rounded-1.25 max-w-[80%] sm:max-w-172 self-center bg-foreground-200 py-3.75 px-4 !rounded-1.25 border border-foreground-300 h-auto relative"
              data-slot="input-wrapper"
              style="cursor: text;"
            >
              <div
                class="inline-flex w-full items-center h-full box-border"
                data-slot="inner-wrapper"
              >
                <input
                  aria-label="Your Email"
                  class="w-full font-normal bg-transparent !outline-none placeholder:text-foreground-500 focus-visible:outline-none data-[has-start-content=true]:ps-1.5 data-[has-end-content=true]:pe-1.5 file:cursor-pointer file:bg-transparent file:border-0 autofill:bg-transparent bg-clip-text group-data-[has-value=true]:text-default-foreground text-foreground-100 text-sm/7 h-auto"
                  data-has-end-content="true"
                  data-slot="input"
                  id="react-aria-:r0:"
                  name="email"
                  placeholder="Your Email"
                  type="text"
                  value=""
                />
                <button
                  class="z-0 group items-center justify-center box-border appearance-none select-none whitespace-nowrap font-normal subpixel-antialiased overflow-hidden tap-highlight-transparent data-[pressed=true]:scale-[0.97] outline-none data-[focus-visible=true]:z-10 data-[focus-visible=true]:outline-2 data-[focus-visible=true]:outline-focus data-[focus-visible=true]:outline-offset-2 min-w-20 gap-2 rounded-medium opacity-disabled pointer-events-none [&>svg]:max-w-[theme(spacing.8)] transition-transform-colors-opacity motion-reduce:transition-none bg-primary data-[hover=true]:opacity-hover py-3.75 w-auto h-auto rounded-1.25 hidden sm:block px-5.625 text-white text-sm/7 absolute right-0 rounded-l-none rounded-r-1.25"
                  data-disabled="true"
                  data-testid="subscribe-button"
                  disabled=""
                  type="submit"
                >
                  Subscribe
                </button>
              </div>
            </div>
          </div>
        </div>
        <button
          class="z-0 group relative inline-flex items-center justify-center box-border appearance-none select-none whitespace-nowrap font-normal subpixel-antialiased overflow-hidden tap-highlight-transparent data-[pressed=true]:scale-[0.97] outline-none data-[focus-visible=true]:z-10 data-[focus-visible=true]:outline-2 data-[focus-visible=true]:outline-focus data-[focus-visible=true]:outline-offset-2 min-w-20 gap-2 rounded-medium opacity-disabled pointer-events-none [&>svg]:max-w-[theme(spacing.8)] transition-transform-colors-opacity motion-reduce:transition-none bg-primary data-[hover=true]:opacity-hover py-3.75 h-auto rounded-1.25 sm:hidden px-5.625 text-white text-sm/7 w-full max-w-[80%]"
          data-disabled="true"
          disabled=""
          type="submit"
        >
          Subscribe
        </button>
      </form>
    </div>
  </section>
</DocumentFragment>
`;

exports[`SubscribeSection test cases should show error toast when subscribing fails 1`] = `
<DocumentFragment>
  <section>
    <div
      class="max-w-xs sm:max-w-lg md:max-w-xl lg:max-w-4xl xl:max-w-5xl mx-auto my-0 py-40 flex flex-col gap-20 justify-center"
    >
      <div
        class="flex flex-col gap-2.5 text-center"
      >
        <p
          class="text-primary text-sm/6 font-bold"
        >
          Newsletter
        </p>
        <h3
          class="text-foreground text-2xl font-bold"
        >
          Most Popular Courses
        </h3>
        <p
          class="text-foreground-100 text-sm whitespace-pre-line"
        >
          Problems trying to resolve the conflict between
            the two major realms of Classical physics: Newtonian mechanics
        </p>
      </div>
      <form
        class="flex flex-col gap-2 items-center"
      >
        <div
          class="group flex flex-col data-[hidden=true]:hidden w-full group relative justify-end data-[has-label=true]:mt-[calc(theme(fontSize.small)_+_10px)]"
          data-filled="true"
          data-filled-within="true"
          data-slot="base"
        >
          <div
            class="h-full flex flex-col"
            data-slot="main-wrapper"
          >
            <div
              class="w-full inline-flex tap-highlight-transparent flex-row items-center shadow-sm gap-3 data-[hover=true]:bg-default-200 group-data-[focus=true]:bg-default-100 min-h-10 rounded-small transition-background motion-reduce:transition-none !duration-150 outline-none group-data-[focus-visible=true]:z-10 group-data-[focus-visible=true]:ring-2 group-data-[focus-visible=true]:ring-focus group-data-[focus-visible=true]:ring-offset-2 group-data-[focus-visible=true]:ring-offset-background rounded-1.25 max-w-[80%] sm:max-w-172 self-center bg-foreground-200 py-3.75 px-4 !rounded-1.25 border border-foreground-300 h-auto relative"
              data-slot="input-wrapper"
              style="cursor: text;"
            >
              <div
                class="inline-flex w-full items-center h-full box-border"
                data-slot="inner-wrapper"
              >
                <input
                  aria-label="Your Email"
                  class="w-full font-normal bg-transparent !outline-none placeholder:text-foreground-500 focus-visible:outline-none data-[has-start-content=true]:ps-1.5 data-[has-end-content=true]:pe-1.5 file:cursor-pointer file:bg-transparent file:border-0 autofill:bg-transparent bg-clip-text group-data-[has-value=true]:text-default-foreground text-foreground-100 text-sm/7 h-auto"
                  data-has-end-content="true"
                  data-slot="input"
                  id="react-aria-:rf:"
                  name="email"
                  placeholder="Your Email"
                  type="text"
                  value=""
                />
                <button
                  class="z-0 group items-center justify-center box-border appearance-none select-none whitespace-nowrap font-normal subpixel-antialiased overflow-hidden tap-highlight-transparent data-[pressed=true]:scale-[0.97] outline-none data-[focus-visible=true]:z-10 data-[focus-visible=true]:outline-2 data-[focus-visible=true]:outline-focus data-[focus-visible=true]:outline-offset-2 min-w-20 gap-2 rounded-medium opacity-disabled pointer-events-none [&>svg]:max-w-[theme(spacing.8)] transition-transform-colors-opacity motion-reduce:transition-none bg-primary data-[hover=true]:opacity-hover py-3.75 w-auto h-auto rounded-1.25 hidden sm:block px-5.625 text-white text-sm/7 absolute right-0 rounded-l-none rounded-r-1.25"
                  data-disabled="true"
                  data-testid="subscribe-button"
                  disabled=""
                  type="submit"
                >
                  Subscribe
                </button>
              </div>
            </div>
          </div>
        </div>
        <button
          class="z-0 group relative inline-flex items-center justify-center box-border appearance-none select-none whitespace-nowrap font-normal subpixel-antialiased overflow-hidden tap-highlight-transparent data-[pressed=true]:scale-[0.97] outline-none data-[focus-visible=true]:z-10 data-[focus-visible=true]:outline-2 data-[focus-visible=true]:outline-focus data-[focus-visible=true]:outline-offset-2 min-w-20 gap-2 rounded-medium opacity-disabled pointer-events-none [&>svg]:max-w-[theme(spacing.8)] transition-transform-colors-opacity motion-reduce:transition-none bg-primary data-[hover=true]:opacity-hover py-3.75 h-auto rounded-1.25 sm:hidden px-5.625 text-white text-sm/7 w-full max-w-[80%]"
          data-disabled="true"
          disabled=""
          type="submit"
        >
          Subscribe
        </button>
      </form>
    </div>
  </section>
</DocumentFragment>
`;

exports[`SubscribeSection test cases should show success toast when subscribing is successful 1`] = `
<DocumentFragment>
  <section>
    <div
      class="max-w-xs sm:max-w-lg md:max-w-xl lg:max-w-4xl xl:max-w-5xl mx-auto my-0 py-40 flex flex-col gap-20 justify-center"
    >
      <div
        class="flex flex-col gap-2.5 text-center"
      >
        <p
          class="text-primary text-sm/6 font-bold"
        >
          Newsletter
        </p>
        <h3
          class="text-foreground text-2xl font-bold"
        >
          Most Popular Courses
        </h3>
        <p
          class="text-foreground-100 text-sm whitespace-pre-line"
        >
          Problems trying to resolve the conflict between
            the two major realms of Classical physics: Newtonian mechanics
        </p>
      </div>
      <form
        class="flex flex-col gap-2 items-center"
      >
        <div
          class="group flex flex-col data-[hidden=true]:hidden w-full group relative justify-end data-[has-label=true]:mt-[calc(theme(fontSize.small)_+_10px)]"
          data-filled="true"
          data-filled-within="true"
          data-slot="base"
        >
          <div
            class="h-full flex flex-col"
            data-slot="main-wrapper"
          >
            <div
              class="w-full inline-flex tap-highlight-transparent flex-row items-center shadow-sm gap-3 data-[hover=true]:bg-default-200 group-data-[focus=true]:bg-default-100 min-h-10 rounded-small transition-background motion-reduce:transition-none !duration-150 outline-none group-data-[focus-visible=true]:z-10 group-data-[focus-visible=true]:ring-2 group-data-[focus-visible=true]:ring-focus group-data-[focus-visible=true]:ring-offset-2 group-data-[focus-visible=true]:ring-offset-background rounded-1.25 max-w-[80%] sm:max-w-172 self-center bg-foreground-200 py-3.75 px-4 !rounded-1.25 border border-foreground-300 h-auto relative"
              data-slot="input-wrapper"
              style="cursor: text;"
            >
              <div
                class="inline-flex w-full items-center h-full box-border"
                data-slot="inner-wrapper"
              >
                <input
                  aria-label="Your Email"
                  class="w-full font-normal bg-transparent !outline-none placeholder:text-foreground-500 focus-visible:outline-none data-[has-start-content=true]:ps-1.5 data-[has-end-content=true]:pe-1.5 file:cursor-pointer file:bg-transparent file:border-0 autofill:bg-transparent bg-clip-text group-data-[has-value=true]:text-default-foreground text-foreground-100 text-sm/7 h-auto"
                  data-has-end-content="true"
                  data-slot="input"
                  id="react-aria-:ra:"
                  name="email"
                  placeholder="Your Email"
                  type="text"
                  value=""
                />
                <button
                  class="z-0 group items-center justify-center box-border appearance-none select-none whitespace-nowrap font-normal subpixel-antialiased overflow-hidden tap-highlight-transparent data-[pressed=true]:scale-[0.97] outline-none data-[focus-visible=true]:z-10 data-[focus-visible=true]:outline-2 data-[focus-visible=true]:outline-focus data-[focus-visible=true]:outline-offset-2 min-w-20 gap-2 rounded-medium opacity-disabled pointer-events-none [&>svg]:max-w-[theme(spacing.8)] transition-transform-colors-opacity motion-reduce:transition-none bg-primary data-[hover=true]:opacity-hover py-3.75 w-auto h-auto rounded-1.25 hidden sm:block px-5.625 text-white text-sm/7 absolute right-0 rounded-l-none rounded-r-1.25"
                  data-disabled="true"
                  data-testid="subscribe-button"
                  disabled=""
                  type="submit"
                >
                  Subscribe
                </button>
              </div>
            </div>
          </div>
        </div>
        <button
          class="z-0 group relative inline-flex items-center justify-center box-border appearance-none select-none whitespace-nowrap font-normal subpixel-antialiased overflow-hidden tap-highlight-transparent data-[pressed=true]:scale-[0.97] outline-none data-[focus-visible=true]:z-10 data-[focus-visible=true]:outline-2 data-[focus-visible=true]:outline-focus data-[focus-visible=true]:outline-offset-2 min-w-20 gap-2 rounded-medium opacity-disabled pointer-events-none [&>svg]:max-w-[theme(spacing.8)] transition-transform-colors-opacity motion-reduce:transition-none bg-primary data-[hover=true]:opacity-hover py-3.75 h-auto rounded-1.25 sm:hidden px-5.625 text-white text-sm/7 w-full max-w-[80%]"
          data-disabled="true"
          disabled=""
          type="submit"
        >
          Subscribe
        </button>
      </form>
    </div>
  </section>
</DocumentFragment>
`;
