// Jest Snapshot v1, https://goo.gl/fbAQLP

exports[`FeedbackSection test cases should render correctly 1`] = `
<div>
  <section>
    <div
      class="flex justify-center"
    >
      <div
        class="max-w-xs sm:max-w-lg md:max-w-xl lg:max-w-4xl xl:max-w-5xl my-0 py-40 flex flex-col gap-20"
      >
        <div
          class="flex flex-col gap-2.5 text-center 2xl:text-start"
        >
          <h6
            class="text-primary text-sm/6 font-bold"
          >
            Practice Advice
          </h6>
          <h2
            class="text-foreground text-5xl/12.5 font-bold"
          >
            Approdable Packages
          </h2>
          <p
            class="text-foreground-100 text-sm"
          >
            Problems trying to resolve the conflict between
            <br />
            the two major realms of Classical physics: Newtonian mechanics
          </p>
        </div>
        <div
          class="flex flex-wrap gap-7.5 justify-evenly"
        >
          <div
            class="flex flex-col relative overflow-hidden h-auto text-foreground box-border bg-content1 outline-none data-[focus-visible=true]:z-10 data-[focus-visible=true]:outline-2 data-[focus-visible=true]:outline-focus data-[focus-visible=true]:outline-offset-2 shadow-none transition-transform-background motion-reduce:transition-none p-6.25 max-w-87 border-none rounded-none"
            tabindex="-1"
          >
            <div
              class="relative w-full flex-auto place-content-inherit align-items-inherit h-auto break-words text-left overflow-y-auto subpixel-antialiased flex flex-col gap-3.75 items-center p-7.5"
            >
              <div
                class="flex gap-1.25 items-center"
              >
                <svg
                  fill="none"
                  height="23"
                  viewBox="0 0 23 23"
                  width="23"
                  xmlns="http://www.w3.org/2000/svg"
                >
                  <path
                    d="M20.6369 8.41964C20.5793 8.24983 20.4731 8.10061 20.3317 7.99043C20.1902 7.88024 20.0195 7.81389 19.8408 7.79959L14.6116 7.38408L12.3488 2.37506C12.2767 2.21373 12.1595 2.07671 12.0113 1.98052C11.8631 1.88434 11.6902 1.8331 11.5135 1.83301C11.3368 1.83291 11.1638 1.88395 11.0155 1.97998C10.8672 2.076 10.7498 2.2129 10.6776 2.37415L8.41477 7.38408L3.18562 7.79959C3.00993 7.8135 2.84196 7.87774 2.70183 7.98462C2.56169 8.0915 2.45531 8.23648 2.39541 8.40224C2.33552 8.56799 2.32464 8.74749 2.36409 8.91926C2.40354 9.09103 2.49164 9.2478 2.61785 9.37081L6.48216 13.1379L5.11548 19.0559C5.07398 19.235 5.08728 19.4225 5.15365 19.594C5.22003 19.7655 5.33641 19.913 5.48769 20.0175C5.63898 20.1221 5.81819 20.1787 6.00206 20.1801C6.18594 20.1815 6.36598 20.1276 6.51885 20.0254L11.5132 16.6958L16.5075 20.0254C16.6638 20.1291 16.848 20.1825 17.0355 20.1784C17.223 20.1743 17.4047 20.1129 17.5563 20.0024C17.7078 19.8919 17.8219 19.7377 17.8832 19.5604C17.9444 19.3832 17.9499 19.1914 17.899 19.0109L16.2213 13.1406L20.3819 9.39649C20.6543 9.15067 20.7543 8.76727 20.6369 8.41964Z"
                    fill="#F3CD03"
                  />
                </svg>
                <svg
                  fill="none"
                  height="23"
                  viewBox="0 0 23 23"
                  width="23"
                  xmlns="http://www.w3.org/2000/svg"
                >
                  <path
                    d="M20.6369 8.41964C20.5793 8.24983 20.4731 8.10061 20.3317 7.99043C20.1902 7.88024 20.0195 7.81389 19.8408 7.79959L14.6116 7.38408L12.3488 2.37506C12.2767 2.21373 12.1595 2.07671 12.0113 1.98052C11.8631 1.88434 11.6902 1.8331 11.5135 1.83301C11.3368 1.83291 11.1638 1.88395 11.0155 1.97998C10.8672 2.076 10.7498 2.2129 10.6776 2.37415L8.41477 7.38408L3.18562 7.79959C3.00993 7.8135 2.84196 7.87774 2.70183 7.98462C2.56169 8.0915 2.45531 8.23648 2.39541 8.40224C2.33552 8.56799 2.32464 8.74749 2.36409 8.91926C2.40354 9.09103 2.49164 9.2478 2.61785 9.37081L6.48216 13.1379L5.11548 19.0559C5.07398 19.235 5.08728 19.4225 5.15365 19.594C5.22003 19.7655 5.33641 19.913 5.48769 20.0175C5.63898 20.1221 5.81819 20.1787 6.00206 20.1801C6.18594 20.1815 6.36598 20.1276 6.51885 20.0254L11.5132 16.6958L16.5075 20.0254C16.6638 20.1291 16.848 20.1825 17.0355 20.1784C17.223 20.1743 17.4047 20.1129 17.5563 20.0024C17.7078 19.8919 17.8219 19.7377 17.8832 19.5604C17.9444 19.3832 17.9499 19.1914 17.899 19.0109L16.2213 13.1406L20.3819 9.39649C20.6543 9.15067 20.7543 8.76727 20.6369 8.41964Z"
                    fill="#F3CD03"
                  />
                </svg>
                <svg
                  fill="none"
                  height="23"
                  viewBox="0 0 23 23"
                  width="23"
                  xmlns="http://www.w3.org/2000/svg"
                >
                  <path
                    d="M20.6369 8.41964C20.5793 8.24983 20.4731 8.10061 20.3317 7.99043C20.1902 7.88024 20.0195 7.81389 19.8408 7.79959L14.6116 7.38408L12.3488 2.37506C12.2767 2.21373 12.1595 2.07671 12.0113 1.98052C11.8631 1.88434 11.6902 1.8331 11.5135 1.83301C11.3368 1.83291 11.1638 1.88395 11.0155 1.97998C10.8672 2.076 10.7498 2.2129 10.6776 2.37415L8.41477 7.38408L3.18562 7.79959C3.00993 7.8135 2.84196 7.87774 2.70183 7.98462C2.56169 8.0915 2.45531 8.23648 2.39541 8.40224C2.33552 8.56799 2.32464 8.74749 2.36409 8.91926C2.40354 9.09103 2.49164 9.2478 2.61785 9.37081L6.48216 13.1379L5.11548 19.0559C5.07398 19.235 5.08728 19.4225 5.15365 19.594C5.22003 19.7655 5.33641 19.913 5.48769 20.0175C5.63898 20.1221 5.81819 20.1787 6.00206 20.1801C6.18594 20.1815 6.36598 20.1276 6.51885 20.0254L11.5132 16.6958L16.5075 20.0254C16.6638 20.1291 16.848 20.1825 17.0355 20.1784C17.223 20.1743 17.4047 20.1129 17.5563 20.0024C17.7078 19.8919 17.8219 19.7377 17.8832 19.5604C17.9444 19.3832 17.9499 19.1914 17.899 19.0109L16.2213 13.1406L20.3819 9.39649C20.6543 9.15067 20.7543 8.76727 20.6369 8.41964Z"
                    fill="#F3CD03"
                  />
                </svg>
                <svg
                  fill="none"
                  height="23"
                  viewBox="0 0 23 23"
                  width="23"
                  xmlns="http://www.w3.org/2000/svg"
                >
                  <path
                    d="M6.49772 13.1374L5.13104 19.0554C5.08872 19.2346 5.10143 19.4224 5.1675 19.5943C5.23357 19.7662 5.34993 19.9141 5.50139 20.0188C5.65285 20.1235 5.83237 20.1801 6.0165 20.1812C6.20062 20.1823 6.3808 20.1278 6.53349 20.0249L11.5278 16.6954L16.5222 20.0249C16.6784 20.1287 16.8627 20.1821 17.0502 20.178C17.2377 20.1739 17.4194 20.1124 17.5709 20.0019C17.7225 19.8915 17.8365 19.7372 17.8978 19.56C17.9591 19.3827 17.9646 19.191 17.9136 19.0105L16.236 13.1402L20.3966 9.39603C20.5298 9.27605 20.625 9.11963 20.6703 8.94614C20.7156 8.77264 20.709 8.58967 20.6515 8.41986C20.5939 8.25004 20.4878 8.10083 20.3463 7.99067C20.2048 7.88051 20.0342 7.81423 19.8554 7.80004L14.6263 7.38362L12.3634 2.3746C12.2913 2.21331 12.174 2.07635 12.0257 1.98025C11.8774 1.88415 11.7045 1.83301 11.5278 1.83301C11.3511 1.83301 11.1782 1.88415 11.0299 1.98025C10.8817 2.07635 10.7644 2.21331 10.6922 2.3746L8.42942 7.38362L3.20027 7.79913C3.02457 7.81305 2.85661 7.87729 2.71647 7.98416C2.57634 8.09104 2.46996 8.23602 2.41006 8.40178C2.35017 8.56753 2.33929 8.74703 2.37874 8.9188C2.41819 9.09057 2.50629 9.24734 2.6325 9.37035L6.49772 13.1374ZM9.11459 9.16947C9.27831 9.15658 9.43555 9.09987 9.56982 9.0053C9.70408 8.91073 9.81044 8.78179 9.87773 8.63198L11.5278 4.98047L13.1779 8.63198C13.2452 8.78179 13.3516 8.91073 13.4859 9.0053C13.6201 9.09987 13.7774 9.15658 13.9411 9.16947L17.5843 9.4584L14.5841 12.1587C14.3236 12.3936 14.2199 12.7549 14.3153 13.0925L15.4646 17.1146L12.0378 14.8297C11.8874 14.7288 11.7104 14.6749 11.5292 14.6749C11.3481 14.6749 11.171 14.7288 11.0206 14.8297L7.43972 17.2173L8.40282 13.0475C8.43813 12.8942 8.43339 12.7343 8.38906 12.5833C8.34472 12.4323 8.26228 12.2953 8.14966 12.1853L5.3631 9.46849L9.11459 9.16947Z"
                    fill="#F3CD03"
                  />
                </svg>
                <svg
                  fill="none"
                  height="23"
                  viewBox="0 0 23 23"
                  width="23"
                  xmlns="http://www.w3.org/2000/svg"
                >
                  <path
                    d="M6.49772 13.1374L5.13104 19.0554C5.08872 19.2346 5.10143 19.4224 5.1675 19.5943C5.23357 19.7662 5.34993 19.9141 5.50139 20.0188C5.65285 20.1235 5.83237 20.1801 6.0165 20.1812C6.20062 20.1823 6.3808 20.1278 6.53349 20.0249L11.5278 16.6954L16.5222 20.0249C16.6784 20.1287 16.8627 20.1821 17.0502 20.178C17.2377 20.1739 17.4194 20.1124 17.5709 20.0019C17.7225 19.8915 17.8365 19.7372 17.8978 19.56C17.9591 19.3827 17.9646 19.191 17.9136 19.0105L16.236 13.1402L20.3966 9.39603C20.5298 9.27605 20.625 9.11963 20.6703 8.94614C20.7156 8.77264 20.709 8.58967 20.6515 8.41986C20.5939 8.25004 20.4878 8.10083 20.3463 7.99067C20.2048 7.88051 20.0342 7.81423 19.8554 7.80004L14.6263 7.38362L12.3634 2.3746C12.2913 2.21331 12.174 2.07635 12.0257 1.98025C11.8774 1.88415 11.7045 1.83301 11.5278 1.83301C11.3511 1.83301 11.1782 1.88415 11.0299 1.98025C10.8817 2.07635 10.7644 2.21331 10.6922 2.3746L8.42942 7.38362L3.20027 7.79913C3.02457 7.81305 2.85661 7.87729 2.71647 7.98416C2.57634 8.09104 2.46996 8.23602 2.41006 8.40178C2.35017 8.56753 2.33929 8.74703 2.37874 8.9188C2.41819 9.09057 2.50629 9.24734 2.6325 9.37035L6.49772 13.1374ZM9.11459 9.16947C9.27831 9.15658 9.43555 9.09987 9.56982 9.0053C9.70408 8.91073 9.81044 8.78179 9.87773 8.63198L11.5278 4.98047L13.1779 8.63198C13.2452 8.78179 13.3516 8.91073 13.4859 9.0053C13.6201 9.09987 13.7774 9.15658 13.9411 9.16947L17.5843 9.4584L14.5841 12.1587C14.3236 12.3936 14.2199 12.7549 14.3153 13.0925L15.4646 17.1146L12.0378 14.8297C11.8874 14.7288 11.7104 14.6749 11.5292 14.6749C11.3481 14.6749 11.171 14.7288 11.0206 14.8297L7.43972 17.2173L8.40282 13.0475C8.43813 12.8942 8.43339 12.7343 8.38906 12.5833C8.34472 12.4323 8.26228 12.2953 8.14966 12.1853L5.3631 9.46849L9.11459 9.16947Z"
                    fill="#F3CD03"
                  />
                </svg>
              </div>
              <p
                class="text-foreground-100 text-sm text-center max-w-40"
              >
                Slate helps you see how many more days you need to work to reach your financial goal for the month and year.
              </p>
            </div>
            <div
              class="h-auto w-full items-center overflow-hidden color-inherit subpixel-antialiased rounded-b-large p-0 flex gap-3.75 justify-center"
            >
              <div
                class="shadow-black/5 shadow-none group relative overflow-hidden bg-content3 dark:bg-content2 before:opacity-100 before:absolute before:inset-0 before:-translate-x-full before:animate-[shimmer_2s_infinite] before:border-t before:border-content4/30 before:bg-gradient-to-r before:from-transparent before:via-content4 dark:before:via-default-700/10 before:to-transparent after:opacity-100 after:absolute after:inset-0 after:-z-10 after:bg-content3 dark:after:bg-content2 rounded-full"
                style="max-width: 50px;"
              >
                 
                <img
                  alt="An avatar of a user"
                  class="relative z-10 shadow-black/5 data-[loaded=true]:opacity-100 shadow-none opacity-0 transition-transform-opacity motion-reduce:transition-none !duration-300 rounded-full object-cover"
                  height="50"
                  src="/feedback-avatar-1.jfif"
                  style="height: 50px;"
                  width="50"
                />
              </div>
              <div
                class="flex flex-col"
              >
                <h6
                  class="text-primary text-sm/6 font-bold"
                >
                  Regina Miles
                </h6>
                <small
                  class="text-foreground text-xs"
                >
                  Designer
                </small>
              </div>
            </div>
          </div>
          <div
            class="flex flex-col relative overflow-hidden h-auto text-foreground box-border bg-content1 outline-none data-[focus-visible=true]:z-10 data-[focus-visible=true]:outline-2 data-[focus-visible=true]:outline-focus data-[focus-visible=true]:outline-offset-2 shadow-none transition-transform-background motion-reduce:transition-none p-6.25 max-w-87 border-none rounded-none"
            tabindex="-1"
          >
            <div
              class="relative w-full flex-auto place-content-inherit align-items-inherit h-auto break-words text-left overflow-y-auto subpixel-antialiased flex flex-col gap-3.75 items-center p-7.5"
            >
              <div
                class="flex gap-1.25 items-center"
              >
                <svg
                  fill="none"
                  height="23"
                  viewBox="0 0 23 23"
                  width="23"
                  xmlns="http://www.w3.org/2000/svg"
                >
                  <path
                    d="M20.6369 8.41964C20.5793 8.24983 20.4731 8.10061 20.3317 7.99043C20.1902 7.88024 20.0195 7.81389 19.8408 7.79959L14.6116 7.38408L12.3488 2.37506C12.2767 2.21373 12.1595 2.07671 12.0113 1.98052C11.8631 1.88434 11.6902 1.8331 11.5135 1.83301C11.3368 1.83291 11.1638 1.88395 11.0155 1.97998C10.8672 2.076 10.7498 2.2129 10.6776 2.37415L8.41477 7.38408L3.18562 7.79959C3.00993 7.8135 2.84196 7.87774 2.70183 7.98462C2.56169 8.0915 2.45531 8.23648 2.39541 8.40224C2.33552 8.56799 2.32464 8.74749 2.36409 8.91926C2.40354 9.09103 2.49164 9.2478 2.61785 9.37081L6.48216 13.1379L5.11548 19.0559C5.07398 19.235 5.08728 19.4225 5.15365 19.594C5.22003 19.7655 5.33641 19.913 5.48769 20.0175C5.63898 20.1221 5.81819 20.1787 6.00206 20.1801C6.18594 20.1815 6.36598 20.1276 6.51885 20.0254L11.5132 16.6958L16.5075 20.0254C16.6638 20.1291 16.848 20.1825 17.0355 20.1784C17.223 20.1743 17.4047 20.1129 17.5563 20.0024C17.7078 19.8919 17.8219 19.7377 17.8832 19.5604C17.9444 19.3832 17.9499 19.1914 17.899 19.0109L16.2213 13.1406L20.3819 9.39649C20.6543 9.15067 20.7543 8.76727 20.6369 8.41964Z"
                    fill="#F3CD03"
                  />
                </svg>
                <svg
                  fill="none"
                  height="23"
                  viewBox="0 0 23 23"
                  width="23"
                  xmlns="http://www.w3.org/2000/svg"
                >
                  <path
                    d="M20.6369 8.41964C20.5793 8.24983 20.4731 8.10061 20.3317 7.99043C20.1902 7.88024 20.0195 7.81389 19.8408 7.79959L14.6116 7.38408L12.3488 2.37506C12.2767 2.21373 12.1595 2.07671 12.0113 1.98052C11.8631 1.88434 11.6902 1.8331 11.5135 1.83301C11.3368 1.83291 11.1638 1.88395 11.0155 1.97998C10.8672 2.076 10.7498 2.2129 10.6776 2.37415L8.41477 7.38408L3.18562 7.79959C3.00993 7.8135 2.84196 7.87774 2.70183 7.98462C2.56169 8.0915 2.45531 8.23648 2.39541 8.40224C2.33552 8.56799 2.32464 8.74749 2.36409 8.91926C2.40354 9.09103 2.49164 9.2478 2.61785 9.37081L6.48216 13.1379L5.11548 19.0559C5.07398 19.235 5.08728 19.4225 5.15365 19.594C5.22003 19.7655 5.33641 19.913 5.48769 20.0175C5.63898 20.1221 5.81819 20.1787 6.00206 20.1801C6.18594 20.1815 6.36598 20.1276 6.51885 20.0254L11.5132 16.6958L16.5075 20.0254C16.6638 20.1291 16.848 20.1825 17.0355 20.1784C17.223 20.1743 17.4047 20.1129 17.5563 20.0024C17.7078 19.8919 17.8219 19.7377 17.8832 19.5604C17.9444 19.3832 17.9499 19.1914 17.899 19.0109L16.2213 13.1406L20.3819 9.39649C20.6543 9.15067 20.7543 8.76727 20.6369 8.41964Z"
                    fill="#F3CD03"
                  />
                </svg>
                <svg
                  fill="none"
                  height="23"
                  viewBox="0 0 23 23"
                  width="23"
                  xmlns="http://www.w3.org/2000/svg"
                >
                  <path
                    d="M20.6369 8.41964C20.5793 8.24983 20.4731 8.10061 20.3317 7.99043C20.1902 7.88024 20.0195 7.81389 19.8408 7.79959L14.6116 7.38408L12.3488 2.37506C12.2767 2.21373 12.1595 2.07671 12.0113 1.98052C11.8631 1.88434 11.6902 1.8331 11.5135 1.83301C11.3368 1.83291 11.1638 1.88395 11.0155 1.97998C10.8672 2.076 10.7498 2.2129 10.6776 2.37415L8.41477 7.38408L3.18562 7.79959C3.00993 7.8135 2.84196 7.87774 2.70183 7.98462C2.56169 8.0915 2.45531 8.23648 2.39541 8.40224C2.33552 8.56799 2.32464 8.74749 2.36409 8.91926C2.40354 9.09103 2.49164 9.2478 2.61785 9.37081L6.48216 13.1379L5.11548 19.0559C5.07398 19.235 5.08728 19.4225 5.15365 19.594C5.22003 19.7655 5.33641 19.913 5.48769 20.0175C5.63898 20.1221 5.81819 20.1787 6.00206 20.1801C6.18594 20.1815 6.36598 20.1276 6.51885 20.0254L11.5132 16.6958L16.5075 20.0254C16.6638 20.1291 16.848 20.1825 17.0355 20.1784C17.223 20.1743 17.4047 20.1129 17.5563 20.0024C17.7078 19.8919 17.8219 19.7377 17.8832 19.5604C17.9444 19.3832 17.9499 19.1914 17.899 19.0109L16.2213 13.1406L20.3819 9.39649C20.6543 9.15067 20.7543 8.76727 20.6369 8.41964Z"
                    fill="#F3CD03"
                  />
                </svg>
                <svg
                  fill="none"
                  height="23"
                  viewBox="0 0 23 23"
                  width="23"
                  xmlns="http://www.w3.org/2000/svg"
                >
                  <path
                    d="M20.6369 8.41964C20.5793 8.24983 20.4731 8.10061 20.3317 7.99043C20.1902 7.88024 20.0195 7.81389 19.8408 7.79959L14.6116 7.38408L12.3488 2.37506C12.2767 2.21373 12.1595 2.07671 12.0113 1.98052C11.8631 1.88434 11.6902 1.8331 11.5135 1.83301C11.3368 1.83291 11.1638 1.88395 11.0155 1.97998C10.8672 2.076 10.7498 2.2129 10.6776 2.37415L8.41477 7.38408L3.18562 7.79959C3.00993 7.8135 2.84196 7.87774 2.70183 7.98462C2.56169 8.0915 2.45531 8.23648 2.39541 8.40224C2.33552 8.56799 2.32464 8.74749 2.36409 8.91926C2.40354 9.09103 2.49164 9.2478 2.61785 9.37081L6.48216 13.1379L5.11548 19.0559C5.07398 19.235 5.08728 19.4225 5.15365 19.594C5.22003 19.7655 5.33641 19.913 5.48769 20.0175C5.63898 20.1221 5.81819 20.1787 6.00206 20.1801C6.18594 20.1815 6.36598 20.1276 6.51885 20.0254L11.5132 16.6958L16.5075 20.0254C16.6638 20.1291 16.848 20.1825 17.0355 20.1784C17.223 20.1743 17.4047 20.1129 17.5563 20.0024C17.7078 19.8919 17.8219 19.7377 17.8832 19.5604C17.9444 19.3832 17.9499 19.1914 17.899 19.0109L16.2213 13.1406L20.3819 9.39649C20.6543 9.15067 20.7543 8.76727 20.6369 8.41964Z"
                    fill="#F3CD03"
                  />
                </svg>
                <svg
                  fill="none"
                  height="23"
                  viewBox="0 0 23 23"
                  width="23"
                  xmlns="http://www.w3.org/2000/svg"
                >
                  <path
                    d="M6.49772 13.1374L5.13104 19.0554C5.08872 19.2346 5.10143 19.4224 5.1675 19.5943C5.23357 19.7662 5.34993 19.9141 5.50139 20.0188C5.65285 20.1235 5.83237 20.1801 6.0165 20.1812C6.20062 20.1823 6.3808 20.1278 6.53349 20.0249L11.5278 16.6954L16.5222 20.0249C16.6784 20.1287 16.8627 20.1821 17.0502 20.178C17.2377 20.1739 17.4194 20.1124 17.5709 20.0019C17.7225 19.8915 17.8365 19.7372 17.8978 19.56C17.9591 19.3827 17.9646 19.191 17.9136 19.0105L16.236 13.1402L20.3966 9.39603C20.5298 9.27605 20.625 9.11963 20.6703 8.94614C20.7156 8.77264 20.709 8.58967 20.6515 8.41986C20.5939 8.25004 20.4878 8.10083 20.3463 7.99067C20.2048 7.88051 20.0342 7.81423 19.8554 7.80004L14.6263 7.38362L12.3634 2.3746C12.2913 2.21331 12.174 2.07635 12.0257 1.98025C11.8774 1.88415 11.7045 1.83301 11.5278 1.83301C11.3511 1.83301 11.1782 1.88415 11.0299 1.98025C10.8817 2.07635 10.7644 2.21331 10.6922 2.3746L8.42942 7.38362L3.20027 7.79913C3.02457 7.81305 2.85661 7.87729 2.71647 7.98416C2.57634 8.09104 2.46996 8.23602 2.41006 8.40178C2.35017 8.56753 2.33929 8.74703 2.37874 8.9188C2.41819 9.09057 2.50629 9.24734 2.6325 9.37035L6.49772 13.1374ZM9.11459 9.16947C9.27831 9.15658 9.43555 9.09987 9.56982 9.0053C9.70408 8.91073 9.81044 8.78179 9.87773 8.63198L11.5278 4.98047L13.1779 8.63198C13.2452 8.78179 13.3516 8.91073 13.4859 9.0053C13.6201 9.09987 13.7774 9.15658 13.9411 9.16947L17.5843 9.4584L14.5841 12.1587C14.3236 12.3936 14.2199 12.7549 14.3153 13.0925L15.4646 17.1146L12.0378 14.8297C11.8874 14.7288 11.7104 14.6749 11.5292 14.6749C11.3481 14.6749 11.171 14.7288 11.0206 14.8297L7.43972 17.2173L8.40282 13.0475C8.43813 12.8942 8.43339 12.7343 8.38906 12.5833C8.34472 12.4323 8.26228 12.2953 8.14966 12.1853L5.3631 9.46849L9.11459 9.16947Z"
                    fill="#F3CD03"
                  />
                </svg>
              </div>
              <p
                class="text-foreground-100 text-sm text-center max-w-40"
              >
                Slate helps you see how many more days you need to work to reach your financial goal for the month and year.
              </p>
            </div>
            <div
              class="h-auto w-full items-center overflow-hidden color-inherit subpixel-antialiased rounded-b-large p-0 flex gap-3.75 justify-center"
            >
              <div
                class="shadow-black/5 shadow-none group relative overflow-hidden bg-content3 dark:bg-content2 before:opacity-100 before:absolute before:inset-0 before:-translate-x-full before:animate-[shimmer_2s_infinite] before:border-t before:border-content4/30 before:bg-gradient-to-r before:from-transparent before:via-content4 dark:before:via-default-700/10 before:to-transparent after:opacity-100 after:absolute after:inset-0 after:-z-10 after:bg-content3 dark:after:bg-content2 rounded-full"
                style="max-width: 50px;"
              >
                 
                <img
                  alt="An avatar of a user"
                  class="relative z-10 shadow-black/5 data-[loaded=true]:opacity-100 shadow-none opacity-0 transition-transform-opacity motion-reduce:transition-none !duration-300 rounded-full object-cover"
                  height="50"
                  src="/feedback-avatar-2.jfif"
                  style="height: 50px;"
                  width="50"
                />
              </div>
              <div
                class="flex flex-col"
              >
                <h6
                  class="text-primary text-sm/6 font-bold"
                >
                  Regina Miles
                </h6>
                <small
                  class="text-foreground text-xs"
                >
                  Designer
                </small>
              </div>
            </div>
          </div>
          <div
            class="flex flex-col relative overflow-hidden h-auto text-foreground box-border bg-content1 outline-none data-[focus-visible=true]:z-10 data-[focus-visible=true]:outline-2 data-[focus-visible=true]:outline-focus data-[focus-visible=true]:outline-offset-2 shadow-none transition-transform-background motion-reduce:transition-none p-6.25 max-w-87 border-none rounded-none"
            tabindex="-1"
          >
            <div
              class="relative w-full flex-auto place-content-inherit align-items-inherit h-auto break-words text-left overflow-y-auto subpixel-antialiased flex flex-col gap-3.75 items-center p-7.5"
            >
              <div
                class="flex gap-1.25 items-center"
              >
                <svg
                  fill="none"
                  height="23"
                  viewBox="0 0 23 23"
                  width="23"
                  xmlns="http://www.w3.org/2000/svg"
                >
                  <path
                    d="M20.6369 8.41964C20.5793 8.24983 20.4731 8.10061 20.3317 7.99043C20.1902 7.88024 20.0195 7.81389 19.8408 7.79959L14.6116 7.38408L12.3488 2.37506C12.2767 2.21373 12.1595 2.07671 12.0113 1.98052C11.8631 1.88434 11.6902 1.8331 11.5135 1.83301C11.3368 1.83291 11.1638 1.88395 11.0155 1.97998C10.8672 2.076 10.7498 2.2129 10.6776 2.37415L8.41477 7.38408L3.18562 7.79959C3.00993 7.8135 2.84196 7.87774 2.70183 7.98462C2.56169 8.0915 2.45531 8.23648 2.39541 8.40224C2.33552 8.56799 2.32464 8.74749 2.36409 8.91926C2.40354 9.09103 2.49164 9.2478 2.61785 9.37081L6.48216 13.1379L5.11548 19.0559C5.07398 19.235 5.08728 19.4225 5.15365 19.594C5.22003 19.7655 5.33641 19.913 5.48769 20.0175C5.63898 20.1221 5.81819 20.1787 6.00206 20.1801C6.18594 20.1815 6.36598 20.1276 6.51885 20.0254L11.5132 16.6958L16.5075 20.0254C16.6638 20.1291 16.848 20.1825 17.0355 20.1784C17.223 20.1743 17.4047 20.1129 17.5563 20.0024C17.7078 19.8919 17.8219 19.7377 17.8832 19.5604C17.9444 19.3832 17.9499 19.1914 17.899 19.0109L16.2213 13.1406L20.3819 9.39649C20.6543 9.15067 20.7543 8.76727 20.6369 8.41964Z"
                    fill="#F3CD03"
                  />
                </svg>
                <svg
                  fill="none"
                  height="23"
                  viewBox="0 0 23 23"
                  width="23"
                  xmlns="http://www.w3.org/2000/svg"
                >
                  <path
                    d="M20.6369 8.41964C20.5793 8.24983 20.4731 8.10061 20.3317 7.99043C20.1902 7.88024 20.0195 7.81389 19.8408 7.79959L14.6116 7.38408L12.3488 2.37506C12.2767 2.21373 12.1595 2.07671 12.0113 1.98052C11.8631 1.88434 11.6902 1.8331 11.5135 1.83301C11.3368 1.83291 11.1638 1.88395 11.0155 1.97998C10.8672 2.076 10.7498 2.2129 10.6776 2.37415L8.41477 7.38408L3.18562 7.79959C3.00993 7.8135 2.84196 7.87774 2.70183 7.98462C2.56169 8.0915 2.45531 8.23648 2.39541 8.40224C2.33552 8.56799 2.32464 8.74749 2.36409 8.91926C2.40354 9.09103 2.49164 9.2478 2.61785 9.37081L6.48216 13.1379L5.11548 19.0559C5.07398 19.235 5.08728 19.4225 5.15365 19.594C5.22003 19.7655 5.33641 19.913 5.48769 20.0175C5.63898 20.1221 5.81819 20.1787 6.00206 20.1801C6.18594 20.1815 6.36598 20.1276 6.51885 20.0254L11.5132 16.6958L16.5075 20.0254C16.6638 20.1291 16.848 20.1825 17.0355 20.1784C17.223 20.1743 17.4047 20.1129 17.5563 20.0024C17.7078 19.8919 17.8219 19.7377 17.8832 19.5604C17.9444 19.3832 17.9499 19.1914 17.899 19.0109L16.2213 13.1406L20.3819 9.39649C20.6543 9.15067 20.7543 8.76727 20.6369 8.41964Z"
                    fill="#F3CD03"
                  />
                </svg>
                <svg
                  fill="none"
                  height="23"
                  viewBox="0 0 23 23"
                  width="23"
                  xmlns="http://www.w3.org/2000/svg"
                >
                  <path
                    d="M20.6369 8.41964C20.5793 8.24983 20.4731 8.10061 20.3317 7.99043C20.1902 7.88024 20.0195 7.81389 19.8408 7.79959L14.6116 7.38408L12.3488 2.37506C12.2767 2.21373 12.1595 2.07671 12.0113 1.98052C11.8631 1.88434 11.6902 1.8331 11.5135 1.83301C11.3368 1.83291 11.1638 1.88395 11.0155 1.97998C10.8672 2.076 10.7498 2.2129 10.6776 2.37415L8.41477 7.38408L3.18562 7.79959C3.00993 7.8135 2.84196 7.87774 2.70183 7.98462C2.56169 8.0915 2.45531 8.23648 2.39541 8.40224C2.33552 8.56799 2.32464 8.74749 2.36409 8.91926C2.40354 9.09103 2.49164 9.2478 2.61785 9.37081L6.48216 13.1379L5.11548 19.0559C5.07398 19.235 5.08728 19.4225 5.15365 19.594C5.22003 19.7655 5.33641 19.913 5.48769 20.0175C5.63898 20.1221 5.81819 20.1787 6.00206 20.1801C6.18594 20.1815 6.36598 20.1276 6.51885 20.0254L11.5132 16.6958L16.5075 20.0254C16.6638 20.1291 16.848 20.1825 17.0355 20.1784C17.223 20.1743 17.4047 20.1129 17.5563 20.0024C17.7078 19.8919 17.8219 19.7377 17.8832 19.5604C17.9444 19.3832 17.9499 19.1914 17.899 19.0109L16.2213 13.1406L20.3819 9.39649C20.6543 9.15067 20.7543 8.76727 20.6369 8.41964Z"
                    fill="#F3CD03"
                  />
                </svg>
                <svg
                  fill="none"
                  height="23"
                  viewBox="0 0 23 23"
                  width="23"
                  xmlns="http://www.w3.org/2000/svg"
                >
                  <path
                    d="M20.6369 8.41964C20.5793 8.24983 20.4731 8.10061 20.3317 7.99043C20.1902 7.88024 20.0195 7.81389 19.8408 7.79959L14.6116 7.38408L12.3488 2.37506C12.2767 2.21373 12.1595 2.07671 12.0113 1.98052C11.8631 1.88434 11.6902 1.8331 11.5135 1.83301C11.3368 1.83291 11.1638 1.88395 11.0155 1.97998C10.8672 2.076 10.7498 2.2129 10.6776 2.37415L8.41477 7.38408L3.18562 7.79959C3.00993 7.8135 2.84196 7.87774 2.70183 7.98462C2.56169 8.0915 2.45531 8.23648 2.39541 8.40224C2.33552 8.56799 2.32464 8.74749 2.36409 8.91926C2.40354 9.09103 2.49164 9.2478 2.61785 9.37081L6.48216 13.1379L5.11548 19.0559C5.07398 19.235 5.08728 19.4225 5.15365 19.594C5.22003 19.7655 5.33641 19.913 5.48769 20.0175C5.63898 20.1221 5.81819 20.1787 6.00206 20.1801C6.18594 20.1815 6.36598 20.1276 6.51885 20.0254L11.5132 16.6958L16.5075 20.0254C16.6638 20.1291 16.848 20.1825 17.0355 20.1784C17.223 20.1743 17.4047 20.1129 17.5563 20.0024C17.7078 19.8919 17.8219 19.7377 17.8832 19.5604C17.9444 19.3832 17.9499 19.1914 17.899 19.0109L16.2213 13.1406L20.3819 9.39649C20.6543 9.15067 20.7543 8.76727 20.6369 8.41964Z"
                    fill="#F3CD03"
                  />
                </svg>
                <svg
                  fill="none"
                  height="23"
                  viewBox="0 0 23 23"
                  width="23"
                  xmlns="http://www.w3.org/2000/svg"
                >
                  <path
                    d="M20.6369 8.41964C20.5793 8.24983 20.4731 8.10061 20.3317 7.99043C20.1902 7.88024 20.0195 7.81389 19.8408 7.79959L14.6116 7.38408L12.3488 2.37506C12.2767 2.21373 12.1595 2.07671 12.0113 1.98052C11.8631 1.88434 11.6902 1.8331 11.5135 1.83301C11.3368 1.83291 11.1638 1.88395 11.0155 1.97998C10.8672 2.076 10.7498 2.2129 10.6776 2.37415L8.41477 7.38408L3.18562 7.79959C3.00993 7.8135 2.84196 7.87774 2.70183 7.98462C2.56169 8.0915 2.45531 8.23648 2.39541 8.40224C2.33552 8.56799 2.32464 8.74749 2.36409 8.91926C2.40354 9.09103 2.49164 9.2478 2.61785 9.37081L6.48216 13.1379L5.11548 19.0559C5.07398 19.235 5.08728 19.4225 5.15365 19.594C5.22003 19.7655 5.33641 19.913 5.48769 20.0175C5.63898 20.1221 5.81819 20.1787 6.00206 20.1801C6.18594 20.1815 6.36598 20.1276 6.51885 20.0254L11.5132 16.6958L16.5075 20.0254C16.6638 20.1291 16.848 20.1825 17.0355 20.1784C17.223 20.1743 17.4047 20.1129 17.5563 20.0024C17.7078 19.8919 17.8219 19.7377 17.8832 19.5604C17.9444 19.3832 17.9499 19.1914 17.899 19.0109L16.2213 13.1406L20.3819 9.39649C20.6543 9.15067 20.7543 8.76727 20.6369 8.41964Z"
                    fill="#F3CD03"
                  />
                </svg>
              </div>
              <p
                class="text-foreground-100 text-sm text-center max-w-40"
              >
                Slate helps you see how many more days you need to work to reach your financial goal for the month and year.
              </p>
            </div>
            <div
              class="h-auto w-full items-center overflow-hidden color-inherit subpixel-antialiased rounded-b-large p-0 flex gap-3.75 justify-center"
            >
              <div
                class="shadow-black/5 shadow-none group relative overflow-hidden bg-content3 dark:bg-content2 before:opacity-100 before:absolute before:inset-0 before:-translate-x-full before:animate-[shimmer_2s_infinite] before:border-t before:border-content4/30 before:bg-gradient-to-r before:from-transparent before:via-content4 dark:before:via-default-700/10 before:to-transparent after:opacity-100 after:absolute after:inset-0 after:-z-10 after:bg-content3 dark:after:bg-content2 rounded-full"
                style="max-width: 50px;"
              >
                 
                <img
                  alt="An avatar of a user"
                  class="relative z-10 shadow-black/5 data-[loaded=true]:opacity-100 shadow-none opacity-0 transition-transform-opacity motion-reduce:transition-none !duration-300 rounded-full object-cover"
                  height="50"
                  src="/feedback-avatar-3.jfif"
                  style="height: 50px;"
                  width="50"
                />
              </div>
              <div
                class="flex flex-col"
              >
                <h6
                  class="text-primary text-sm/6 font-bold"
                >
                  Regina Miles
                </h6>
                <small
                  class="text-foreground text-xs"
                >
                  Designer
                </small>
              </div>
            </div>
          </div>
        </div>
      </div>
    </div>
  </section>
</div>
`;
