// Jest Snapshot v1, https://goo.gl/fbAQLP

exports[`NavBar should render correctly 1`] = `
<div>
  <nav
    class="flex z-40 w-full h-auto items-center justify-center data-[menu-open=true]:border-none sticky top-0 inset-x-0 bg-transparent"
    style="--navbar-height: 4rem;"
  >
    <header
      class="z-40 flex px-6 gap-4 w-full flex-row relative flex-nowrap items-center justify-between h-[var(--navbar-height)] max-w-[1024px]"
    >
      <ul
        class="flex gap-4 h-full flex-row flex-nowrap items-center data-[justify=start]:justify-start data-[justify=start]:flex-grow data-[justify=start]:basis-0 data-[justify=center]:justify-center data-[justify=end]:justify-end data-[justify=end]:flex-grow data-[justify=end]:basis-0"
        data-justify="start"
      >
        <div
          class="flex gap-11 lg:gap-22 items-center"
        >
          <div
            class="flex basis-0 flex-row flex-grow flex-nowrap justify-start bg-transparent items-center no-underline text-medium whitespace-nowrap box-border"
          >
            <a
              class="text-foreground text-2xl font-bold"
              href="/"
            >
              Brandname
            </a>
          </div>
          <ul
            class="gap-4 h-full flex-row flex-nowrap items-center data-[justify=start]:justify-start data-[justify=start]:flex-grow data-[justify=start]:basis-0 data-[justify=center]:justify-center data-[justify=end]:justify-end data-[justify=end]:flex-grow data-[justify=end]:basis-0 hidden md:flex"
            data-justify="start"
          >
            <li
              class="text-medium whitespace-nowrap box-border list-none data-[active=true]:font-semibold"
            >
              <a
                class="text-foreground-100 text-sm/6 font-bold hover:text-primary"
                href="/"
              >
                Home
              </a>
            </li>
            <li
              class="text-medium whitespace-nowrap box-border list-none data-[active=true]:font-semibold"
            >
              <a
                class="text-foreground-100 text-sm/6 font-bold hover:text-primary"
                href="/"
              >
                Product
              </a>
            </li>
            <li
              class="text-medium whitespace-nowrap box-border list-none data-[active=true]:font-semibold"
            >
              <a
                class="text-foreground-100 text-sm/6 font-bold hover:text-primary"
                href="/"
              >
                Pricing
              </a>
            </li>
            <li
              class="text-medium whitespace-nowrap box-border list-none data-[active=true]:font-semibold"
            >
              <a
                class="text-foreground-100 text-sm/6 font-bold hover:text-primary"
                href="/"
              >
                Contact
              </a>
            </li>
          </ul>
        </div>
      </ul>
      <ul
        class="flex gap-4 h-full flex-row flex-nowrap items-center data-[justify=start]:justify-start data-[justify=start]:flex-grow data-[justify=start]:basis-0 data-[justify=center]:justify-center data-[justify=end]:justify-end data-[justify=end]:flex-grow data-[justify=end]:basis-0"
        data-justify="end"
      >
        <li
          class="text-medium whitespace-nowrap box-border list-none data-[active=true]:font-semibold"
        >
          <button
            class="z-0 group relative items-center justify-center box-border appearance-none select-none whitespace-nowrap subpixel-antialiased overflow-hidden tap-highlight-transparent data-[pressed=true]:scale-[0.97] outline-none data-[focus-visible=true]:z-10 data-[focus-visible=true]:outline-2 data-[focus-visible=true]:outline-focus data-[focus-visible=true]:outline-offset-2 min-w-20 gap-2 [&>svg]:max-w-[theme(spacing.8)] transition-transform-colors-opacity motion-reduce:transition-none bg-transparent text-primary data-[hover=true]:bg-primary/20 px-6.25 py-3.75 w-auto h-auto rounded-[5px] hover:bg-opacity-25 text-sm/5.5 font-bold hidden md:flex"
            type="button"
          >
            Login
          </button>
        </li>
        <li
          class="text-medium whitespace-nowrap box-border list-none data-[active=true]:font-semibold"
        >
          <button
            class="z-0 group relative items-center justify-center box-border appearance-none select-none whitespace-nowrap subpixel-antialiased overflow-hidden tap-highlight-transparent data-[pressed=true]:scale-[0.97] outline-none data-[focus-visible=true]:z-10 data-[focus-visible=true]:outline-2 data-[focus-visible=true]:outline-focus data-[focus-visible=true]:outline-offset-2 min-w-20 gap-2 [&>svg]:max-w-[theme(spacing.8)] transition-transform-colors-opacity motion-reduce:transition-none bg-primary data-[hover=true]:opacity-hover px-6.25 py-3.75 w-auto h-auto rounded-[5px] text-white text-sm/5.5 font-bold hidden md:flex"
            type="button"
          >
            JOIN US
            <svg
              fill="none"
              height="10"
              viewBox="0 0 12 10"
              width="12"
              xmlns="http://www.w3.org/2000/svg"
            >
              <g
                clip-path="url(#clip0_2685_910)"
                id="icn arrow-right .icn-xs"
              >
                <path
                  clip-rule="evenodd"
                  d="M0 5C0 4.81059 0.079009 4.62895 0.219646 4.49502C0.360282 4.36109 0.551026 4.28584 0.749916 4.28584H9.43845L6.21831 1.22068C6.07749 1.08658 5.99838 0.904705 5.99838 0.715059C5.99838 0.525414 6.07749 0.343536 6.21831 0.209436C6.35912 0.0753365 6.5501 0 6.74925 0C6.94839 0 7.13937 0.0753365 7.28019 0.209436L11.7797 4.49438C11.8495 4.56072 11.9049 4.63952 11.9427 4.72629C11.9805 4.81305 12 4.90606 12 5C12 5.09394 11.9805 5.18695 11.9427 5.27371C11.9049 5.36048 11.8495 5.43928 11.7797 5.50562L7.28019 9.79056C7.13937 9.92466 6.94839 10 6.74925 10C6.5501 10 6.35912 9.92466 6.21831 9.79056C6.07749 9.65646 5.99838 9.47459 5.99838 9.28494C5.99838 9.0953 6.07749 8.91342 6.21831 8.77932L9.43845 5.71416H0.749916C0.551026 5.71416 0.360282 5.63892 0.219646 5.50499C0.079009 5.37106 0 5.18941 0 5Z"
                  fill="currentColor"
                  fill-rule="evenodd"
                  id="Vector"
                />
              </g>
              <defs>
                <clippath
                  id="clip0_2685_910"
                >
                  <rect
                    fill="currentColor"
                    height="10"
                    width="12"
                  />
                </clippath>
              </defs>
            </svg>
          </button>
        </li>
        <button
          aria-label="Open menu"
          aria-pressed="false"
          class="group flex items-center justify-center w-6 h-full rounded-small tap-highlight-transparent outline-none data-[focus-visible=true]:z-10 data-[focus-visible=true]:outline-2 data-[focus-visible=true]:outline-focus data-[focus-visible=true]:outline-offset-2 md:hidden"
          type="button"
        >
          <span
            class="sr-only"
          >
            open navigation menu
          </span>
          <span
            class="w-full h-full pointer-events-none flex flex-col items-center justify-center text-inherit group-data-[pressed=true]:opacity-70 transition-opacity before:content-[''] before:block before:h-px before:w-6 before:bg-current before:transition-transform before:duration-150 before:-translate-y-1 before:rotate-0 group-data-[open=true]:before:translate-y-px group-data-[open=true]:before:rotate-45 after:content-[''] after:block after:h-px after:w-6 after:bg-current after:transition-transform after:duration-150 after:translate-y-1 after:rotate-0 group-data-[open=true]:after:translate-y-0 group-data-[open=true]:after:-rotate-45"
          />
        </button>
      </ul>
    </header>
  </nav>
</div>
`;

exports[`NavBar should render correctly on mobile screen 1`] = `
<div>
  <nav
    class="flex z-40 w-full h-auto items-center justify-center data-[menu-open=true]:border-none sticky top-0 inset-x-0 bg-transparent"
    style="--navbar-height: 4rem;"
  >
    <header
      class="z-40 flex px-6 gap-4 w-full flex-row relative flex-nowrap items-center justify-between h-[var(--navbar-height)] max-w-[1024px]"
    >
      <ul
        class="flex gap-4 h-full flex-row flex-nowrap items-center data-[justify=start]:justify-start data-[justify=start]:flex-grow data-[justify=start]:basis-0 data-[justify=center]:justify-center data-[justify=end]:justify-end data-[justify=end]:flex-grow data-[justify=end]:basis-0"
        data-justify="start"
      >
        <div
          class="flex gap-11 lg:gap-22 items-center"
        >
          <div
            class="flex basis-0 flex-row flex-grow flex-nowrap justify-start bg-transparent items-center no-underline text-medium whitespace-nowrap box-border"
          >
            <a
              class="text-foreground text-2xl font-bold"
              href="/"
            >
              Brandname
            </a>
          </div>
          <ul
            class="gap-4 h-full flex-row flex-nowrap items-center data-[justify=start]:justify-start data-[justify=start]:flex-grow data-[justify=start]:basis-0 data-[justify=center]:justify-center data-[justify=end]:justify-end data-[justify=end]:flex-grow data-[justify=end]:basis-0 hidden md:flex"
            data-justify="start"
          >
            <li
              class="text-medium whitespace-nowrap box-border list-none data-[active=true]:font-semibold"
            >
              <a
                class="text-foreground-100 text-sm/6 font-bold hover:text-primary"
                href="/"
              >
                Home
              </a>
            </li>
            <li
              class="text-medium whitespace-nowrap box-border list-none data-[active=true]:font-semibold"
            >
              <a
                class="text-foreground-100 text-sm/6 font-bold hover:text-primary"
                href="/"
              >
                Product
              </a>
            </li>
            <li
              class="text-medium whitespace-nowrap box-border list-none data-[active=true]:font-semibold"
            >
              <a
                class="text-foreground-100 text-sm/6 font-bold hover:text-primary"
                href="/"
              >
                Pricing
              </a>
            </li>
            <li
              class="text-medium whitespace-nowrap box-border list-none data-[active=true]:font-semibold"
            >
              <a
                class="text-foreground-100 text-sm/6 font-bold hover:text-primary"
                href="/"
              >
                Contact
              </a>
            </li>
          </ul>
        </div>
      </ul>
      <ul
        class="flex gap-4 h-full flex-row flex-nowrap items-center data-[justify=start]:justify-start data-[justify=start]:flex-grow data-[justify=start]:basis-0 data-[justify=center]:justify-center data-[justify=end]:justify-end data-[justify=end]:flex-grow data-[justify=end]:basis-0"
        data-justify="end"
      >
        <li
          class="text-medium whitespace-nowrap box-border list-none data-[active=true]:font-semibold"
        >
          <button
            class="z-0 group relative items-center justify-center box-border appearance-none select-none whitespace-nowrap subpixel-antialiased overflow-hidden tap-highlight-transparent data-[pressed=true]:scale-[0.97] outline-none data-[focus-visible=true]:z-10 data-[focus-visible=true]:outline-2 data-[focus-visible=true]:outline-focus data-[focus-visible=true]:outline-offset-2 min-w-20 gap-2 [&>svg]:max-w-[theme(spacing.8)] transition-transform-colors-opacity motion-reduce:transition-none bg-transparent text-primary data-[hover=true]:bg-primary/20 px-6.25 py-3.75 w-auto h-auto rounded-[5px] hover:bg-opacity-25 text-sm/5.5 font-bold hidden md:flex"
            type="button"
          >
            Login
          </button>
        </li>
        <li
          class="text-medium whitespace-nowrap box-border list-none data-[active=true]:font-semibold"
        >
          <button
            class="z-0 group relative items-center justify-center box-border appearance-none select-none whitespace-nowrap subpixel-antialiased overflow-hidden tap-highlight-transparent data-[pressed=true]:scale-[0.97] outline-none data-[focus-visible=true]:z-10 data-[focus-visible=true]:outline-2 data-[focus-visible=true]:outline-focus data-[focus-visible=true]:outline-offset-2 min-w-20 gap-2 [&>svg]:max-w-[theme(spacing.8)] transition-transform-colors-opacity motion-reduce:transition-none bg-primary data-[hover=true]:opacity-hover px-6.25 py-3.75 w-auto h-auto rounded-[5px] text-white text-sm/5.5 font-bold hidden md:flex"
            type="button"
          >
            JOIN US
            <svg
              fill="none"
              height="10"
              viewBox="0 0 12 10"
              width="12"
              xmlns="http://www.w3.org/2000/svg"
            >
              <g
                clip-path="url(#clip0_2685_910)"
                id="icn arrow-right .icn-xs"
              >
                <path
                  clip-rule="evenodd"
                  d="M0 5C0 4.81059 0.079009 4.62895 0.219646 4.49502C0.360282 4.36109 0.551026 4.28584 0.749916 4.28584H9.43845L6.21831 1.22068C6.07749 1.08658 5.99838 0.904705 5.99838 0.715059C5.99838 0.525414 6.07749 0.343536 6.21831 0.209436C6.35912 0.0753365 6.5501 0 6.74925 0C6.94839 0 7.13937 0.0753365 7.28019 0.209436L11.7797 4.49438C11.8495 4.56072 11.9049 4.63952 11.9427 4.72629C11.9805 4.81305 12 4.90606 12 5C12 5.09394 11.9805 5.18695 11.9427 5.27371C11.9049 5.36048 11.8495 5.43928 11.7797 5.50562L7.28019 9.79056C7.13937 9.92466 6.94839 10 6.74925 10C6.5501 10 6.35912 9.92466 6.21831 9.79056C6.07749 9.65646 5.99838 9.47459 5.99838 9.28494C5.99838 9.0953 6.07749 8.91342 6.21831 8.77932L9.43845 5.71416H0.749916C0.551026 5.71416 0.360282 5.63892 0.219646 5.50499C0.079009 5.37106 0 5.18941 0 5Z"
                  fill="currentColor"
                  fill-rule="evenodd"
                  id="Vector"
                />
              </g>
              <defs>
                <clippath
                  id="clip0_2685_910"
                >
                  <rect
                    fill="currentColor"
                    height="10"
                    width="12"
                  />
                </clippath>
              </defs>
            </svg>
          </button>
        </li>
        <button
          aria-label="Open menu"
          aria-pressed="false"
          class="group flex items-center justify-center w-6 h-full rounded-small tap-highlight-transparent outline-none data-[focus-visible=true]:z-10 data-[focus-visible=true]:outline-2 data-[focus-visible=true]:outline-focus data-[focus-visible=true]:outline-offset-2 md:hidden"
          data-hover="true"
          type="button"
        >
          <span
            class="sr-only"
          >
            open navigation menu
          </span>
          <span
            class="w-full h-full pointer-events-none flex flex-col items-center justify-center text-inherit group-data-[pressed=true]:opacity-70 transition-opacity before:content-[''] before:block before:h-px before:w-6 before:bg-current before:transition-transform before:duration-150 before:-translate-y-1 before:rotate-0 group-data-[open=true]:before:translate-y-px group-data-[open=true]:before:rotate-45 after:content-[''] after:block after:h-px after:w-6 after:bg-current after:transition-transform after:duration-150 after:translate-y-1 after:rotate-0 group-data-[open=true]:after:translate-y-0 group-data-[open=true]:after:-rotate-45"
          />
        </button>
      </ul>
    </header>
  </nav>
</div>
`;
