// Jest Snapshot v1, https://goo.gl/fbAQLP

exports[`MutationProductForm test cases should renders correctly with existing data 1`] = `<DocumentFragment />`;

exports[`MutationProductForm test cases should renders correctly with no data 1`] = `<DocumentFragment />`;
